// Jest Snapshot v1, https://goo.gl/fbAQLP

exports[`PageContainer - the main container for pages renders without crashing 1`] = `
<StylesProvider
  injectFirst={true}
>
  <Styled(WithStyles(ForwardRef(Container)))
    component="main"
  />
</StylesProvider>
`;
