// Jest Snapshot v1, https://goo.gl/fbAQLP

exports[`OffsetColumn renders without crashing 1`] = `
<WithStyles(ForwardRef(Grid))
  item={true}
/>
`;
