// Jest Snapshot v1, https://goo.gl/fbAQLP

exports[`PageHeading renders without crashing 1`] = `
<WithStyles(ForwardRef(Typography))
  component="h1"
  gutterBottom={true}
  variant="h4"
>
  Heading Test
</WithStyles(ForwardRef(Typography))>
`;
