// Jest Snapshot v1, https://goo.gl/fbAQLP

exports[`App - the main component renders without crashing 1`] = `
<Suspense
  fallback={<LoadingSpinner />}
>
  <AppRouter />
</Suspense>
`;
