// Jest Snapshot v1, https://goo.gl/fbAQLP

exports[`PublicRoute component renders without crashing 1`] = `
<Route
  exact={true}
  path="/"
  render={[Function]}
/>
`;
